Archive member included because of file (symbol)

/Volumes/crosspi/avrtools/lib/gcc/avr/4.9.2/avr5/libgcc.a(_copy_data.o)
                              bin/mcal_gcc_cxx_completion.o (__do_copy_data)
/Volumes/crosspi/avrtools/lib/gcc/avr/4.9.2/avr5/libgcc.a(_clear_bss.o)
                              bin/mcal_gcc_cxx_completion.o (__do_clear_bss)
/Volumes/crosspi/avrtools/lib/gcc/avr/4.9.2/avr5/libgcc.a(_ctors.o)
                              bin/mcal_led.o (__do_global_ctors)
/Volumes/crosspi/avrtools/lib/gcc/avr/4.9.2/avr5/libgcc.a(_tablejump2.o)
                              /Volumes/crosspi/avrtools/lib/gcc/avr/4.9.2/avr5/libgcc.a(_ctors.o) (__tablejump2__)
/Volumes/crosspi/avrtools/lib/gcc/avr/4.9.2/../../../../avr/lib/avr5/libc.a(memset.o)
                              bin/crt0_init_ram.o (memset)

Discarded input sections

 .text          0x0000000000000000       0xc2 bin/mcal_gcc_cxx_completion.o
 .text          0x0000000000000000        0x0 bin/mcal_led.o
 .text          0x0000000000000000        0x0 bin/sys_start.o
 .text          0x0000000000000000        0x0 bin/crt0.o
 .text          0x0000000000000000        0x0 bin/crt0_init_ram.o
 .text          0x0000000000000000        0x0 bin/crt1.o
 .text          0x0000000000000000        0x0 /Volumes/crosspi/avrtools/lib/gcc/avr/4.9.2/avr5/libgcc.a(_copy_data.o)
 .text.libgcc.mul
                0x0000000000000000        0x0 /Volumes/crosspi/avrtools/lib/gcc/avr/4.9.2/avr5/libgcc.a(_copy_data.o)
 .text.libgcc.div
                0x0000000000000000        0x0 /Volumes/crosspi/avrtools/lib/gcc/avr/4.9.2/avr5/libgcc.a(_copy_data.o)
 .text.libgcc   0x0000000000000000        0x0 /Volumes/crosspi/avrtools/lib/gcc/avr/4.9.2/avr5/libgcc.a(_copy_data.o)
 .text.libgcc.prologue
                0x0000000000000000        0x0 /Volumes/crosspi/avrtools/lib/gcc/avr/4.9.2/avr5/libgcc.a(_copy_data.o)
 .init4         0x0000000000000000       0x16 /Volumes/crosspi/avrtools/lib/gcc/avr/4.9.2/avr5/libgcc.a(_copy_data.o)
 .text.libgcc.builtins
                0x0000000000000000        0x0 /Volumes/crosspi/avrtools/lib/gcc/avr/4.9.2/avr5/libgcc.a(_copy_data.o)
 .text.libgcc.fmul
                0x0000000000000000        0x0 /Volumes/crosspi/avrtools/lib/gcc/avr/4.9.2/avr5/libgcc.a(_copy_data.o)
 .text.libgcc.fixed
                0x0000000000000000        0x0 /Volumes/crosspi/avrtools/lib/gcc/avr/4.9.2/avr5/libgcc.a(_copy_data.o)
 .text          0x0000000000000000        0x0 /Volumes/crosspi/avrtools/lib/gcc/avr/4.9.2/avr5/libgcc.a(_clear_bss.o)
 .text.libgcc.mul
                0x0000000000000000        0x0 /Volumes/crosspi/avrtools/lib/gcc/avr/4.9.2/avr5/libgcc.a(_clear_bss.o)
 .text.libgcc.div
                0x0000000000000000        0x0 /Volumes/crosspi/avrtools/lib/gcc/avr/4.9.2/avr5/libgcc.a(_clear_bss.o)
 .text.libgcc   0x0000000000000000        0x0 /Volumes/crosspi/avrtools/lib/gcc/avr/4.9.2/avr5/libgcc.a(_clear_bss.o)
 .text.libgcc.prologue
                0x0000000000000000        0x0 /Volumes/crosspi/avrtools/lib/gcc/avr/4.9.2/avr5/libgcc.a(_clear_bss.o)
 .init4         0x0000000000000000       0x10 /Volumes/crosspi/avrtools/lib/gcc/avr/4.9.2/avr5/libgcc.a(_clear_bss.o)
 .text.libgcc.builtins
                0x0000000000000000        0x0 /Volumes/crosspi/avrtools/lib/gcc/avr/4.9.2/avr5/libgcc.a(_clear_bss.o)
 .text.libgcc.fmul
                0x0000000000000000        0x0 /Volumes/crosspi/avrtools/lib/gcc/avr/4.9.2/avr5/libgcc.a(_clear_bss.o)
 .text.libgcc.fixed
                0x0000000000000000        0x0 /Volumes/crosspi/avrtools/lib/gcc/avr/4.9.2/avr5/libgcc.a(_clear_bss.o)
 .text          0x0000000000000000        0x0 /Volumes/crosspi/avrtools/lib/gcc/avr/4.9.2/avr5/libgcc.a(_ctors.o)
 .text.libgcc.mul
                0x0000000000000000        0x0 /Volumes/crosspi/avrtools/lib/gcc/avr/4.9.2/avr5/libgcc.a(_ctors.o)
 .text.libgcc.div
                0x0000000000000000        0x0 /Volumes/crosspi/avrtools/lib/gcc/avr/4.9.2/avr5/libgcc.a(_ctors.o)
 .text.libgcc   0x0000000000000000        0x0 /Volumes/crosspi/avrtools/lib/gcc/avr/4.9.2/avr5/libgcc.a(_ctors.o)
 .text.libgcc.prologue
                0x0000000000000000        0x0 /Volumes/crosspi/avrtools/lib/gcc/avr/4.9.2/avr5/libgcc.a(_ctors.o)
 .init6         0x0000000000000000       0x16 /Volumes/crosspi/avrtools/lib/gcc/avr/4.9.2/avr5/libgcc.a(_ctors.o)
 .text.libgcc.builtins
                0x0000000000000000        0x0 /Volumes/crosspi/avrtools/lib/gcc/avr/4.9.2/avr5/libgcc.a(_ctors.o)
 .text.libgcc.fmul
                0x0000000000000000        0x0 /Volumes/crosspi/avrtools/lib/gcc/avr/4.9.2/avr5/libgcc.a(_ctors.o)
 .text.libgcc.fixed
                0x0000000000000000        0x0 /Volumes/crosspi/avrtools/lib/gcc/avr/4.9.2/avr5/libgcc.a(_ctors.o)
 .text          0x0000000000000000        0x0 /Volumes/crosspi/avrtools/lib/gcc/avr/4.9.2/avr5/libgcc.a(_tablejump2.o)
 .text.libgcc.mul
                0x0000000000000000        0x0 /Volumes/crosspi/avrtools/lib/gcc/avr/4.9.2/avr5/libgcc.a(_tablejump2.o)
 .text.libgcc.div
                0x0000000000000000        0x0 /Volumes/crosspi/avrtools/lib/gcc/avr/4.9.2/avr5/libgcc.a(_tablejump2.o)
 .text.libgcc   0x0000000000000000        0xc /Volumes/crosspi/avrtools/lib/gcc/avr/4.9.2/avr5/libgcc.a(_tablejump2.o)
 .text.libgcc.prologue
                0x0000000000000000        0x0 /Volumes/crosspi/avrtools/lib/gcc/avr/4.9.2/avr5/libgcc.a(_tablejump2.o)
 .text.libgcc.builtins
                0x0000000000000000        0x0 /Volumes/crosspi/avrtools/lib/gcc/avr/4.9.2/avr5/libgcc.a(_tablejump2.o)
 .text.libgcc.fmul
                0x0000000000000000        0x0 /Volumes/crosspi/avrtools/lib/gcc/avr/4.9.2/avr5/libgcc.a(_tablejump2.o)
 .text.libgcc.fixed
                0x0000000000000000        0x0 /Volumes/crosspi/avrtools/lib/gcc/avr/4.9.2/avr5/libgcc.a(_tablejump2.o)
 .text          0x0000000000000000        0x0 /Volumes/crosspi/avrtools/lib/gcc/avr/4.9.2/../../../../avr/lib/avr5/libc.a(memset.o)

Memory Configuration

Name             Origin             Length             Attributes
ROM              0x0000000000000000 0x0000000000007fec xr
RAM              0x0000000000800100 0x0000000000000400 rw !x
*default*        0x0000000000000000 0xffffffffffffffff

Linker script and memory map

Address of section .data set to 0x800100
LOAD /Volumes/crosspi/avrtools/lib/gcc/avr/4.9.2/../../../../avr/lib/avr5/libc.a
                0x0000000000000000                _rom_begin = 0x0
                0x0000000000007fec                _rom_end = 0x7fec
                0x0000000000800500                _stack_begin = 0x800500
                0x0000000000800800                _stack_end = 0x800800
                0x0000000000800800                __initial_stack_pointer = 0x800800
                0x0000000000000000                . = 0x0
                0x0000000000000000                . = ALIGN (0x2)

.isr_vector     0x0000000000000000       0x70
 *(.isr_vector)
 .isr_vector    0x0000000000000000       0x68 bin/int_vect.o
                0x0000000000000000                __isr_vector
                0x0000000000000070                . = ALIGN (0x10)
 *fill*         0x0000000000000068        0x8 aaaa
 *(.isr_vector)

.startup        0x0000000000000070       0xf0
 *(.startup)
 .startup       0x0000000000000070       0x18 bin/crt0.o
                0x0000000000000070                __my_startup
 .startup       0x0000000000000088       0x8c bin/crt0_init_ram.o
                0x0000000000000088                _ZN3crt8init_ramEv
 .startup       0x0000000000000114       0x40 bin/crt1.o
                0x0000000000000114                _ZN3crt10init_ctorsEv
                0x0000000000000160                . = ALIGN (0x10)
 *fill*         0x0000000000000154        0xc aaaa
 *(.startup)

.text           0x0000000000000160      0x150
                0x0000000000000160                _ctors_begin = .
 *(.ctors)
 .ctors         0x0000000000000160        0x2 bin/mcal_led.o
                0x0000000000000162                . = ALIGN (0x2)
 *(SORT(.ctors))
                0x0000000000000162                _ctors_end = .
 *(.progmem*)
                0x0000000000000162                . = ALIGN (0x2)
 *(.trampolines*)
 .trampolines   0x0000000000000162        0x0 linker stubs
                0x0000000000000162                . = ALIGN (0x2)
 *(.text)
 .text          0x0000000000000162        0xc bin/mcal.o
                0x0000000000000162                _ZN4mcal4initEv
 .text          0x000000000000016e        0x8 bin/mcal_cpu.o
                0x000000000000016e                _ZN4mcal3cpu4initEv
                0x0000000000000170                _ZN4mcal3cpu19read_program_memoryEPVh
 .text          0x0000000000000176       0xbc bin/mcal_gpt.o
                0x0000000000000176                __vector_16
                0x00000000000001c2                _ZN4mcal3gpt4initEPKv
                0x00000000000001dc                _ZN4mcal3gpt6secure16get_time_elapsedEv
 .text          0x0000000000000232        0x4 bin/mcal_irq.o
                0x0000000000000232                _ZN4mcal3irq4initEPKv
 .text          0x0000000000000236        0xe bin/int_vect.o
                0x0000000000000236                __vector_unused_irq
                0x0000000000000244                . = ALIGN (0x2)
 *(.text*)
 .text.startup  0x0000000000000244       0x1a bin/mcal_led.o
 .text.startup  0x000000000000025e       0x3c bin/sys_start.o
                0x000000000000025e                main
 .text.avr-libc
                0x000000000000029a        0xe /Volumes/crosspi/avrtools/lib/gcc/avr/4.9.2/../../../../avr/lib/avr5/libc.a(memset.o)
                0x000000000000029a                memset
                0x00000000000002a8                . = ALIGN (0x2)
                0x00000000000002b0                . = ALIGN (0x10)
 *fill*         0x00000000000002a8        0x8 aaaa
                0x0000000000800100                . = 0x800100
                0x0000000000800100                . = ALIGN (0x2)

.data           0x0000000000800100        0x2 load address 0x00000000000002b0
                0x0000000000800100                _data_begin = .
 *(.data)
 .data          0x0000000000800100        0x0 bin/mcal.o
 .data          0x0000000000800100        0x2 bin/mcal_gcc_cxx_completion.o
                0x0000000000800100                environ
 .data          0x0000000000800102        0x0 bin/mcal_cpu.o
 .data          0x0000000000800102        0x0 bin/mcal_gpt.o
 .data          0x0000000000800102        0x0 bin/mcal_irq.o
 .data          0x0000000000800102        0x0 bin/mcal_led.o
 .data          0x0000000000800102        0x0 bin/sys_start.o
 .data          0x0000000000800102        0x0 bin/crt0.o
 .data          0x0000000000800102        0x0 bin/crt0_init_ram.o
 .data          0x0000000000800102        0x0 bin/crt1.o
 .data          0x0000000000800102        0x0 bin/int_vect.o
 .data          0x0000000000800102        0x0 /Volumes/crosspi/avrtools/lib/gcc/avr/4.9.2/avr5/libgcc.a(_copy_data.o)
 .data          0x0000000000800102        0x0 /Volumes/crosspi/avrtools/lib/gcc/avr/4.9.2/avr5/libgcc.a(_clear_bss.o)
 .data          0x0000000000800102        0x0 /Volumes/crosspi/avrtools/lib/gcc/avr/4.9.2/avr5/libgcc.a(_ctors.o)
 .data          0x0000000000800102        0x0 /Volumes/crosspi/avrtools/lib/gcc/avr/4.9.2/avr5/libgcc.a(_tablejump2.o)
 .data          0x0000000000800102        0x0 /Volumes/crosspi/avrtools/lib/gcc/avr/4.9.2/../../../../avr/lib/avr5/libc.a(memset.o)
                0x0000000000800102                . = ALIGN (0x2)
 *(.data)
 *(.data*)
                0x0000000000800102                . = ALIGN (0x2)
 *(.data*)
 *(.rodata)
                0x0000000000800102                . = ALIGN (0x2)
 *(.rodata)
 *(.rodata*)
                0x0000000000800102                . = ALIGN (0x2)
 *(.rodata*)
                0x0000000000800102                _data_end = .

.bss            0x0000000000800102        0xc load address 0x00000000000002b2
                0x0000000000800102                _bss_begin = .
 *(.bss)
 .bss           0x0000000000800102        0x0 bin/mcal.o
 .bss           0x0000000000800102        0x5 bin/mcal_gcc_cxx_completion.o
                0x0000000000800102                __fdlib_version
                0x0000000000800103                __errno
                0x0000000000800105                __env
 .bss           0x0000000000800107        0x0 bin/mcal_cpu.o
 .bss           0x0000000000800107        0x5 bin/mcal_gpt.o
 .bss           0x000000000080010c        0x0 bin/mcal_irq.o
 .bss           0x000000000080010c        0x2 bin/mcal_led.o
                0x000000000080010c                led_b5
 .bss           0x000000000080010e        0x0 bin/sys_start.o
 .bss           0x000000000080010e        0x0 bin/crt0.o
 .bss           0x000000000080010e        0x0 bin/crt0_init_ram.o
 .bss           0x000000000080010e        0x0 bin/crt1.o
 .bss           0x000000000080010e        0x0 bin/int_vect.o
 .bss           0x000000000080010e        0x0 /Volumes/crosspi/avrtools/lib/gcc/avr/4.9.2/avr5/libgcc.a(_copy_data.o)
 .bss           0x000000000080010e        0x0 /Volumes/crosspi/avrtools/lib/gcc/avr/4.9.2/avr5/libgcc.a(_clear_bss.o)
 .bss           0x000000000080010e        0x0 /Volumes/crosspi/avrtools/lib/gcc/avr/4.9.2/avr5/libgcc.a(_ctors.o)
 .bss           0x000000000080010e        0x0 /Volumes/crosspi/avrtools/lib/gcc/avr/4.9.2/avr5/libgcc.a(_tablejump2.o)
 .bss           0x000000000080010e        0x0 /Volumes/crosspi/avrtools/lib/gcc/avr/4.9.2/../../../../avr/lib/avr5/libc.a(memset.o)
                0x000000000080010e                . = ALIGN (0x2)
 *(.bss)
 *(.bss*)
                0x000000000080010e                . = ALIGN (0x2)
 *(.bss*)
                0x000000000080010e                _bss_end = .
                0x00000000000002b0                _rom_data_begin = LOADADDR (.data)
LOAD bin/mcal.o
LOAD bin/mcal_gcc_cxx_completion.o
LOAD bin/mcal_cpu.o
LOAD bin/mcal_gpt.o
LOAD bin/mcal_irq.o
LOAD bin/mcal_led.o
LOAD bin/sys_start.o
LOAD bin/crt0.o
LOAD bin/crt0_init_ram.o
LOAD bin/crt1.o
LOAD bin/int_vect.o
LOAD /Volumes/crosspi/avrtools/lib/gcc/avr/4.9.2/avr5/libgcc.a
LOAD /Volumes/crosspi/avrtools/lib/gcc/avr/4.9.2/../../../../avr/lib/avr5/libm.a
START GROUP
LOAD /Volumes/crosspi/avrtools/lib/gcc/avr/4.9.2/avr5/libgcc.a
LOAD /Volumes/crosspi/avrtools/lib/gcc/avr/4.9.2/../../../../avr/lib/avr5/libm.a
LOAD /Volumes/crosspi/avrtools/lib/gcc/avr/4.9.2/../../../../avr/lib/avr5/libc.a
END GROUP
OUTPUT(bin/chapter02_03.elf elf32-avr)
LOAD linker stubs

.comment        0x0000000000000000       0x11
 .comment       0x0000000000000000       0x11 bin/mcal.o
                                         0x12 (size before relaxing)
 .comment       0x0000000000000000       0x12 bin/mcal_gcc_cxx_completion.o
 .comment       0x0000000000000000       0x12 bin/mcal_cpu.o
 .comment       0x0000000000000000       0x12 bin/mcal_gpt.o
 .comment       0x0000000000000000       0x12 bin/mcal_irq.o
 .comment       0x0000000000000000       0x12 bin/mcal_led.o
 .comment       0x0000000000000000       0x12 bin/sys_start.o
 .comment       0x0000000000000000       0x12 bin/crt0.o
 .comment       0x0000000000000000       0x12 bin/crt0_init_ram.o
 .comment       0x0000000000000000       0x12 bin/crt1.o
 .comment       0x0000000000000000       0x12 bin/int_vect.o

.stab           0x0000000000000000       0xcc
 .stab          0x0000000000000000       0x3c /Volumes/crosspi/avrtools/lib/gcc/avr/4.9.2/avr5/libgcc.a(_copy_data.o)
                                         0xe4 (size before relaxing)
 .stab          0x000000000000003c       0x30 /Volumes/crosspi/avrtools/lib/gcc/avr/4.9.2/avr5/libgcc.a(_clear_bss.o)
                                         0xc0 (size before relaxing)
 .stab          0x000000000000006c       0x30 /Volumes/crosspi/avrtools/lib/gcc/avr/4.9.2/avr5/libgcc.a(_ctors.o)
                                         0xe4 (size before relaxing)
 .stab          0x000000000000009c       0x30 /Volumes/crosspi/avrtools/lib/gcc/avr/4.9.2/avr5/libgcc.a(_tablejump2.o)
                                         0xa8 (size before relaxing)

.stabstr        0x0000000000000000      0x17e
 .stabstr       0x0000000000000000      0x17e /Volumes/crosspi/avrtools/lib/gcc/avr/4.9.2/avr5/libgcc.a(_copy_data.o)
